// Jest Snapshot v1, https://goo.gl/fbAQLP

exports[`should render correctly 1`] = `
<header
  id="header"
>
  <h1
    id="header--title"
  >
    Where's Waldo?
  </h1>
  <p
    id="header--notice"
  >
    Click Anywhere!
  </p>
</header>
`;
