// Jest Snapshot v1, https://goo.gl/fbAQLP

exports[`should render correctly 1`] = `
<div
  className="marker"
  data-testid="marker-div"
  style={
    Object {
      "left": -15,
      "top": -40,
    }
  }
>
  <svg
    color="rgb(0,255,0,0.75)"
    fill="currentColor"
    height={50}
    stroke="currentColor"
    strokeWidth="0"
    style={
      Object {
        "color": "rgb(0,255,0,0.75)",
      }
    }
    viewBox="0 0 384 512"
    width={50}
    xmlns="http://www.w3.org/2000/svg"
  >
    <path
      d="M172.268 501.67C26.97 291.031 0 269.413 0 192 0 85.961 85.961 0 192 0s192 85.961 192 192c0 77.413-26.97 99.031-172.268 309.67-9.535 13.774-29.93 13.773-39.464 0zM192 272c44.183 0 80-35.817 80-80s-35.817-80-80-80-80 35.817-80 80 35.817 80 80 80z"
    />
  </svg>
</div>
`;
